2026-08-19T20:00:00.065Z [INFO] [InventoryService] Carga inicial de stock para SKU-008: 35 unidades
2026-08-19T20:00:00.123Z [INFO] [InventoryService] Carga inicial de stock para SKU-005: 60 unidades
2026-08-19T20:00:00.230Z [INFO] [InventoryService] Carga inicial de stock para SKU-007: 90 unidades
2026-08-19T20:00:00.253Z [INFO] [InventoryService] Carga inicial de stock para SKU-006: 70 unidades
2026-08-19T20:00:00.448Z [INFO] [InventoryService] Carga inicial de stock para SKU-001: 50 unidades
2026-08-19T20:00:00.462Z [INFO] [InventoryService] Carga inicial de stock para SKU-004: 25 unidades
2026-08-19T20:00:00.529Z [INFO] [InventoryService] Carga inicial de stock para SKU-003: 40 unidades
2026-08-19T20:00:00.921Z [INFO] [InventoryService] Carga inicial de stock para SKU-002: 80 unidades
2026-08-20T08:00:00.346Z [INFO] [OrderService] Pedido ORD-1001 creado para producto SKU-001, cantidad=2
2026-08-20T08:00:01.021Z [INFO] [StockService] Movimiento RESERVA registrado para pedido ORD-1001 (producto=SKU-001, qty=-2)
2026-08-20T10:00:00.602Z [INFO] [OrderService] Pedido ORD-1001 confirmado
2026-08-20T13:40:22.567Z [INFO] [AuthService] Token refrescado para sesion admin-panel
2026-08-20T14:00:00.235Z [INFO] [OrderService] Pedido ORD-1002 creado para producto SKU-001, cantidad=1
2026-08-20T14:00:01.602Z [INFO] [StockService] Movimiento RESERVA registrado para pedido ORD-1002 (producto=SKU-001, qty=-1)
2026-08-20T16:00:00.225Z [INFO] [OrderService] Pedido ORD-1002 confirmado
2026-08-20T17:15:26.007Z [INFO] [HealthCheck] /health OK (uptime 12d 4h)
2026-08-20T20:00:00.072Z [INFO] [OrderService] Pedido ORD-1003 creado para producto SKU-001, cantidad=3
2026-08-20T20:00:01.724Z [INFO] [StockService] Movimiento RESERVA registrado para pedido ORD-1003 (producto=SKU-001, qty=-3)
2026-08-20T20:39:21.646Z [DEBUG] [DBPool] Conexion devuelta al pool (activo: 4/20)
2026-08-20T21:20:50.060Z [INFO] [MetricsExporter] Metricas publicadas en /metrics (Grafana)
2026-08-20T22:00:00.234Z [INFO] [OrderService] Pedido ORD-1003 confirmado
2026-08-21T02:00:00.069Z [INFO] [OrderService] Pedido ORD-1004 creado para producto SKU-001, cantidad=2
2026-08-21T02:00:01.927Z [INFO] [StockService] Movimiento RESERVA registrado para pedido ORD-1004 (producto=SKU-001, qty=-2)
2026-08-21T04:09:34.032Z [INFO] [EmailService] Email de confirmacion enviado a cliente
2026-08-21T05:00:00.880Z [INFO] [OrderService] Cancelacion solicitada por el usuario para pedido ORD-1004
2026-08-21T05:00:01.338Z [INFO] [InventoryService] Stock restituido para SKU-001 (+2)
2026-08-21T05:00:02.072Z [INFO] [StockMovementLogger] Movimiento LIBERACION registrado para pedido ORD-1004 (producto=SKU-001, qty=+2)
2026-08-21T06:57:07.526Z [INFO] [EmailService] Email de confirmacion enviado a cliente
2026-08-21T08:00:00.243Z [INFO] [OrderService] Pedido ORD-1005 creado para producto SKU-001, cantidad=1
2026-08-21T08:00:01.285Z [INFO] [StockService] Movimiento RESERVA registrado para pedido ORD-1005 (producto=SKU-001, qty=-1)
2026-08-21T08:56:54.685Z [DEBUG] [DBPool] Conexion devuelta al pool (activo: 4/20)
2026-08-21T09:19:21.497Z [WARN] [RateLimiter] IP 190.12.4.55 cerca del limite de requests
2026-08-21T10:00:00.219Z [INFO] [OrderService] Pedido ORD-1005 confirmado
2026-08-21T11:00:51.552Z [DEBUG] [RequestLogger] GET /api/products 200 (42ms)
2026-08-21T13:25:07.135Z [DEBUG] [RequestLogger] GET /api/products 200 (42ms)
2026-08-21T14:00:00.740Z [INFO] [OrderService] Pedido ORD-1006 creado para producto SKU-002, cantidad=5
2026-08-21T14:00:01.957Z [INFO] [StockService] Movimiento RESERVA registrado para pedido ORD-1006 (producto=SKU-002, qty=-5)
2026-08-21T14:59:39.903Z [INFO] [MetricsExporter] Metricas publicadas en /metrics (Grafana)
2026-08-21T15:56:15.584Z [INFO] [ShippingNotifier] Notificacion enviada a transportista para envio #3621
2026-08-21T16:00:00.590Z [INFO] [OrderService] Pedido ORD-1006 confirmado
2026-08-21T20:00:00.484Z [INFO] [OrderService] Pedido ORD-1007 creado para producto SKU-002, cantidad=3
2026-08-21T20:00:01.248Z [INFO] [StockService] Movimiento RESERVA registrado para pedido ORD-1007 (producto=SKU-002, qty=-3)
2026-08-21T21:23:48.803Z [INFO] [MetricsExporter] Metricas publicadas en /metrics (Grafana)
2026-08-21T23:00:00.484Z [INFO] [OrderService] Cancelacion solicitada por el usuario para pedido ORD-1007
2026-08-21T23:00:01.826Z [INFO] [InventoryService] Stock restituido para SKU-002 (+3)
2026-08-21T23:00:02.416Z [INFO] [StockMovementLogger] Movimiento LIBERACION registrado para pedido ORD-1007 (producto=SKU-002, qty=+3)
2026-08-22T00:38:36.194Z [DEBUG] [DBPool] Conexion devuelta al pool (activo: 4/20)
2026-08-22T01:36:51.096Z [INFO] [CronJobs] Job 'cleanup-sessions' ejecutado correctamente
2026-08-22T02:00:00.099Z [INFO] [OrderService] Pedido ORD-1008 creado para producto SKU-002, cantidad=2
2026-08-22T02:00:01.674Z [INFO] [StockService] Movimiento RESERVA registrado para pedido ORD-1008 (producto=SKU-002, qty=-2)
2026-08-22T04:00:00.441Z [INFO] [OrderService] Pedido ORD-1008 confirmado
2026-08-22T04:31:03.362Z [INFO] [ReportingService] Reporte diario de ventas generado
2026-08-22T06:30:14.433Z [DEBUG] [DBPool] Conexion devuelta al pool (activo: 4/20)
2026-08-22T07:22:35.420Z [INFO] [ReportingService] Reporte diario de ventas generado
2026-08-22T07:35:39.478Z [DEBUG] [RequestLogger] GET /api/inventory/SKU-00X 200 (18ms)
2026-08-22T08:00:00.884Z [INFO] [OrderService] Pedido ORD-1009 creado para producto SKU-002, cantidad=4
2026-08-22T08:00:01.746Z [INFO] [StockService] Movimiento RESERVA registrado para pedido ORD-1009 (producto=SKU-002, qty=-4)
2026-08-22T08:00:05.055Z [ERROR] [PaymentGateway] Timeout esperando confirmacion de pago para pedido ORD-1009, reintentando cobro
2026-08-22T08:00:08.689Z [INFO] [PaymentGateway] Cobro confirmado para pedido ORD-1009 en el segundo intento
2026-08-22T10:00:00.669Z [INFO] [OrderService] Pedido ORD-1009 confirmado
2026-08-22T14:00:00.661Z [INFO] [OrderService] Pedido ORD-1010 creado para producto SKU-002, cantidad=1
2026-08-22T14:00:01.100Z [INFO] [StockService] Movimiento RESERVA registrado para pedido ORD-1010 (producto=SKU-002, qty=-1)
2026-08-22T17:00:00.062Z [INFO] [OrderService] Cancelacion solicitada por el usuario para pedido ORD-1010
2026-08-22T17:00:01.412Z [INFO] [InventoryService] Stock restituido para SKU-002 (+1)
2026-08-22T17:00:02.745Z [INFO] [StockMovementLogger] Movimiento LIBERACION registrado para pedido ORD-1010 (producto=SKU-002, qty=+1)
2026-08-22T20:00:00.347Z [INFO] [OrderService] Pedido ORD-1011 creado para producto SKU-003, cantidad=2
2026-08-22T20:00:01.819Z [INFO] [StockService] Movimiento RESERVA registrado para pedido ORD-1011 (producto=SKU-003, qty=-2)
2026-08-22T21:01:24.882Z [INFO] [MetricsExporter] Metricas publicadas en /metrics (Grafana)
2026-08-22T21:27:11.111Z [WARN] [RateLimiter] IP 190.12.4.55 cerca del limite de requests
2026-08-22T21:41:26.254Z [INFO] [EmailService] Email de confirmacion enviado a cliente
2026-08-22T21:55:55.196Z [INFO] [MetricsExporter] Metricas publicadas en /metrics (Grafana)
2026-08-22T22:00:00.194Z [INFO] [OrderService] Pedido ORD-1011 confirmado
2026-08-22T22:42:52.549Z [INFO] [ReportingService] Reporte diario de ventas generado
2026-08-22T23:40:58.459Z [WARN] [CacheService] Cache miss para clave product:list:page=2
2026-08-22T23:52:54.143Z [INFO] [ShippingNotifier] Notificacion enviada a transportista para envio #9348
2026-08-23T02:00:00.432Z [INFO] [OrderService] Pedido ORD-1012 creado para producto SKU-003, cantidad=3
2026-08-23T02:00:01.187Z [INFO] [StockService] Movimiento RESERVA registrado para pedido ORD-1012 (producto=SKU-003, qty=-3)
2026-08-23T02:42:54.285Z [INFO] [HealthCheck] /health OK (uptime 12d 4h)
2026-08-23T06:09:32.473Z [WARN] [RateLimiter] IP 190.12.4.55 cerca del limite de requests
2026-08-23T07:50:07.255Z [DEBUG] [DBPool] Conexion devuelta al pool (activo: 4/20)
2026-08-23T08:00:00.895Z [INFO] [OrderService] Pedido ORD-1013 creado para producto SKU-003, cantidad=1
2026-08-23T08:00:01.945Z [INFO] [StockService] Movimiento RESERVA registrado para pedido ORD-1013 (producto=SKU-003, qty=-1)
2026-08-23T10:00:00.077Z [INFO] [OrderService] Pedido ORD-1013 confirmado
2026-08-23T12:31:44.453Z [DEBUG] [DBPool] Conexion devuelta al pool (activo: 4/20)
2026-08-23T14:00:00.827Z [INFO] [OrderService] Pedido ORD-1014 creado para producto SKU-003, cantidad=4
2026-08-23T14:00:01.882Z [INFO] [StockService] Movimiento RESERVA registrado para pedido ORD-1014 (producto=SKU-003, qty=-4)
2026-08-23T14:37:40.876Z [INFO] [MetricsExporter] Metricas publicadas en /metrics (Grafana)
2026-08-23T16:06:29.563Z [WARN] [CacheService] Cache miss para clave product:list:page=2
2026-08-23T20:00:00.100Z [INFO] [OrderService] Pedido ORD-1015 creado para producto SKU-003, cantidad=2
2026-08-23T20:00:01.051Z [INFO] [StockService] Movimiento RESERVA registrado para pedido ORD-1015 (producto=SKU-003, qty=-2)
2026-08-23T20:17:25.667Z [INFO] [AuthService] Token refrescado para sesion admin-panel
2026-08-23T21:29:17.553Z [DEBUG] [RequestLogger] GET /api/products 200 (42ms)
2026-08-23T23:00:00.856Z [INFO] [OrderService] Cancelacion solicitada por el usuario para pedido ORD-1015
2026-08-23T23:00:01.015Z [INFO] [InventoryService] Stock restituido para SKU-003 (+2)
2026-08-23T23:00:02.992Z [INFO] [StockMovementLogger] Movimiento LIBERACION registrado para pedido ORD-1015 (producto=SKU-003, qty=+2)
2026-08-24T01:34:11.095Z [WARN] [CacheService] Cache miss para clave product:list:page=2
2026-08-24T02:00:00.771Z [INFO] [OrderService] Pedido ORD-1016 creado para producto SKU-003, cantidad=1
2026-08-24T02:00:00.948Z [INFO] [OrderTimeoutWorker] Pedido ORD-1012 supero el tiempo de reserva (24hs), cancelando automaticamente
2026-08-24T02:00:01.242Z [INFO] [StockService] Movimiento RESERVA registrado para pedido ORD-1016 (producto=SKU-003, qty=-1)
2026-08-24T02:00:01.869Z [INFO] [InventoryService] Stock restituido para SKU-003 (+3)
2026-08-24T02:00:02.170Z [ERROR] [StockMovementLogger] Fallo al registrar movimiento LIBERACION para pedido ORD-1012: TypeError: Cannot read properties of undefined (reading 'correlationId')
2026-08-24T02:00:02.416Z [WARN] [OrderTimeoutWorker] No se pudo registrar el movimiento de stock para ORD-1012, continuando (non-blocking)
2026-08-24T04:00:00.497Z [INFO] [OrderService] Pedido ORD-1016 confirmado
2026-08-24T08:00:00.492Z [INFO] [OrderService] Pedido ORD-1017 creado para producto SKU-004, cantidad=2
2026-08-24T08:00:01.218Z [INFO] [StockService] Movimiento RESERVA registrado para pedido ORD-1017 (producto=SKU-004, qty=-2)
2026-08-24T10:00:00.885Z [INFO] [OrderService] Pedido ORD-1017 confirmado
2026-08-24T11:06:18.410Z [INFO] [CronJobs] Job 'cleanup-sessions' ejecutado correctamente
2026-08-24T14:00:00.060Z [INFO] [OrderService] Pedido ORD-1018 creado para producto SKU-004, cantidad=1
2026-08-24T14:00:00.924Z [INFO] [OrderTimeoutWorker] Pedido ORD-1014 supero el tiempo de reserva (24hs), cancelando automaticamente
2026-08-24T14:00:01.168Z [INFO] [InventoryService] Stock restituido para SKU-003 (+4)
2026-08-24T14:00:01.388Z [INFO] [StockService] Movimiento RESERVA registrado para pedido ORD-1018 (producto=SKU-004, qty=-1)
2026-08-24T14:00:02.002Z [ERROR] [StockMovementLogger] Fallo al registrar movimiento LIBERACION para pedido ORD-1014: TypeError: Cannot read properties of undefined (reading 'correlationId')
2026-08-24T14:00:02.399Z [WARN] [OrderTimeoutWorker] No se pudo registrar el movimiento de stock para ORD-1014, continuando (non-blocking)
2026-08-24T16:00:00.271Z [INFO] [OrderService] Pedido ORD-1018 confirmado
2026-08-24T16:33:37.948Z [INFO] [ReportingService] Reporte diario de ventas generado
2026-08-24T20:00:00.802Z [INFO] [OrderService] Pedido ORD-1019 creado para producto SKU-004, cantidad=3
2026-08-24T20:00:01.803Z [INFO] [StockService] Movimiento RESERVA registrado para pedido ORD-1019 (producto=SKU-004, qty=-3)
2026-08-24T23:00:00.465Z [INFO] [OrderService] Cancelacion solicitada por el usuario para pedido ORD-1019
2026-08-24T23:00:01.292Z [INFO] [InventoryService] Stock restituido para SKU-004 (+3)
2026-08-24T23:00:02.433Z [INFO] [StockMovementLogger] Movimiento LIBERACION registrado para pedido ORD-1019 (producto=SKU-004, qty=+3)
2026-08-25T00:04:17.713Z [DEBUG] [RequestLogger] GET /api/products 200 (42ms)
2026-08-25T02:00:00.980Z [INFO] [OrderService] Pedido ORD-1020 creado para producto SKU-004, cantidad=2
2026-08-25T02:00:01.748Z [INFO] [StockService] Movimiento RESERVA registrado para pedido ORD-1020 (producto=SKU-004, qty=-2)
2026-08-25T03:14:10.802Z [INFO] [MetricsExporter] Metricas publicadas en /metrics (Grafana)
2026-08-25T04:00:00.569Z [INFO] [OrderService] Pedido ORD-1020 confirmado
2026-08-25T04:50:51.677Z [INFO] [CronJobs] Job 'cleanup-sessions' ejecutado correctamente
2026-08-25T08:00:00.735Z [INFO] [OrderService] Pedido ORD-1021 creado para producto SKU-005, cantidad=4
2026-08-25T08:00:01.498Z [INFO] [StockService] Movimiento RESERVA registrado para pedido ORD-1021 (producto=SKU-005, qty=-4)
2026-08-25T10:00:00.158Z [INFO] [OrderService] Pedido ORD-1021 confirmado
2026-08-25T10:11:38.194Z [WARN] [CacheService] Cache miss para clave product:list:page=2
2026-08-25T14:00:00.303Z [INFO] [OrderService] Pedido ORD-1022 creado para producto SKU-005, cantidad=2
2026-08-25T14:00:01.222Z [INFO] [StockService] Movimiento RESERVA registrado para pedido ORD-1022 (producto=SKU-005, qty=-2)
2026-08-25T16:00:00.991Z [INFO] [OrderService] Pedido ORD-1022 confirmado
2026-08-25T20:00:00.059Z [INFO] [OrderService] Pedido ORD-1023 creado para producto SKU-005, cantidad=3
2026-08-25T20:00:01.593Z [INFO] [StockService] Movimiento RESERVA registrado para pedido ORD-1023 (producto=SKU-005, qty=-3)
2026-08-25T20:03:55.753Z [INFO] [MetricsExporter] Metricas publicadas en /metrics (Grafana)
2026-08-25T20:09:23.555Z [INFO] [HealthCheck] /health OK (uptime 12d 4h)
2026-08-25T22:00:00.062Z [INFO] [OrderService] Pedido ORD-1023 confirmado
2026-08-26T02:00:00.765Z [INFO] [OrderService] Pedido ORD-1024 creado para producto SKU-005, cantidad=2
2026-08-26T02:00:01.321Z [INFO] [StockService] Movimiento RESERVA registrado para pedido ORD-1024 (producto=SKU-005, qty=-2)
2026-08-26T07:44:48.488Z [INFO] [AuthService] Token refrescado para sesion admin-panel
2026-08-26T08:00:00.514Z [INFO] [OrderService] Pedido ORD-1025 creado para producto SKU-006, cantidad=3
2026-08-26T08:00:01.941Z [INFO] [StockService] Movimiento RESERVA registrado para pedido ORD-1025 (producto=SKU-006, qty=-3)
2026-08-26T09:48:22.873Z [INFO] [ShippingNotifier] Notificacion enviada a transportista para envio #9317
2026-08-26T10:00:00.543Z [INFO] [OrderService] Pedido ORD-1025 confirmado
2026-08-26T14:00:00.161Z [INFO] [OrderService] Pedido ORD-1026 creado para producto SKU-006, cantidad=5
2026-08-26T14:00:01.058Z [INFO] [StockService] Movimiento RESERVA registrado para pedido ORD-1026 (producto=SKU-006, qty=-5)
2026-08-26T17:41:46.983Z [WARN] [RateLimiter] IP 190.12.4.55 cerca del limite de requests
2026-08-26T18:06:56.520Z [INFO] [CronJobs] Job 'cleanup-sessions' ejecutado correctamente
2026-08-26T19:34:46.082Z [DEBUG] [DBPool] Conexion devuelta al pool (activo: 4/20)
2026-08-26T20:00:00.871Z [INFO] [OrderService] Pedido ORD-1027 creado para producto SKU-006, cantidad=2
2026-08-26T20:00:01.190Z [INFO] [StockService] Movimiento RESERVA registrado para pedido ORD-1027 (producto=SKU-006, qty=-2)
2026-08-26T20:11:15.070Z [INFO] [AuthService] Token refrescado para sesion admin-panel
2026-08-26T21:06:19.609Z [INFO] [EmailService] Email de confirmacion enviado a cliente
2026-08-26T22:00:00.069Z [INFO] [OrderService] Pedido ORD-1027 confirmado
2026-08-27T00:08:30.691Z [INFO] [ShippingNotifier] Notificacion enviada a transportista para envio #5342
2026-08-27T02:00:00.118Z [INFO] [OrderService] Cancelacion solicitada por el usuario para pedido ORD-1024
2026-08-27T02:00:00.164Z [INFO] [OrderTimeoutWorker] Pedido ORD-1024 supero el tiempo de reserva (24hs), cancelando automaticamente
2026-08-27T02:00:00.790Z [INFO] [InventoryService] Stock restituido para SKU-005 (+2)
2026-08-27T02:00:00.882Z [INFO] [OrderService] Pedido ORD-1028 creado para producto SKU-006, cantidad=1
2026-08-27T02:00:00.905Z [INFO] [InventoryService] Stock restituido para SKU-005 (+2)
2026-08-27T02:00:01.022Z [INFO] [StockMovementLogger] Movimiento LIBERACION registrado para pedido ORD-1024 (producto=SKU-005, qty=+2)
2026-08-27T02:00:01.240Z [INFO] [StockService] Movimiento RESERVA registrado para pedido ORD-1028 (producto=SKU-006, qty=-1)
2026-08-27T02:00:01.340Z [ERROR] [StockMovementLogger] Fallo al registrar movimiento LIBERACION para pedido ORD-1024: TypeError: Cannot read properties of undefined (reading 'correlationId')
2026-08-27T02:00:01.351Z [WARN] [OrderTimeoutWorker] No se pudo registrar el movimiento de stock para ORD-1024, continuando (non-blocking)
2026-08-27T05:00:00.413Z [INFO] [OrderService] Cancelacion solicitada por el usuario para pedido ORD-1028
2026-08-27T05:00:01.122Z [INFO] [InventoryService] Stock restituido para SKU-006 (+1)
2026-08-27T05:00:02.964Z [INFO] [StockMovementLogger] Movimiento LIBERACION registrado para pedido ORD-1028 (producto=SKU-006, qty=+1)
2026-08-27T08:00:00.911Z [INFO] [OrderService] Pedido ORD-1029 creado para producto SKU-006, cantidad=4
2026-08-27T08:00:01.583Z [INFO] [StockService] Movimiento RESERVA registrado para pedido ORD-1029 (producto=SKU-006, qty=-4)
2026-08-27T08:09:57.252Z [WARN] [CacheService] Cache miss para clave product:list:page=2
2026-08-27T09:57:58.592Z [DEBUG] [RequestLogger] GET /api/products 200 (42ms)
2026-08-27T10:00:00.608Z [INFO] [OrderService] Pedido ORD-1029 confirmado
2026-08-27T11:38:09.040Z [INFO] [CronJobs] Job 'cleanup-sessions' ejecutado correctamente
2026-08-27T14:00:00.083Z [INFO] [OrderService] Pedido ORD-1030 creado para producto SKU-007, cantidad=2
2026-08-27T14:00:00.634Z [INFO] [OrderTimeoutWorker] Pedido ORD-1026 supero el tiempo de reserva (24hs), cancelando automaticamente
2026-08-27T14:00:01.429Z [INFO] [InventoryService] Stock restituido para SKU-006 (+5)
2026-08-27T14:00:01.673Z [INFO] [StockService] Movimiento RESERVA registrado para pedido ORD-1030 (producto=SKU-007, qty=-2)
2026-08-27T14:00:02.597Z [ERROR] [StockMovementLogger] Fallo al registrar movimiento LIBERACION para pedido ORD-1026: TypeError: Cannot read properties of undefined (reading 'correlationId')
2026-08-27T14:00:02.611Z [WARN] [OrderTimeoutWorker] No se pudo registrar el movimiento de stock para ORD-1026, continuando (non-blocking)
2026-08-27T14:27:18.535Z [INFO] [ReportingService] Reporte diario de ventas generado
2026-08-27T15:21:02.323Z [INFO] [HealthCheck] /health OK (uptime 12d 4h)
2026-08-27T16:00:00.957Z [INFO] [OrderService] Pedido ORD-1030 confirmado
2026-08-27T17:25:20.267Z [INFO] [MetricsExporter] Metricas publicadas en /metrics (Grafana)
2026-08-27T20:00:00.209Z [INFO] [OrderService] Pedido ORD-1031 creado para producto SKU-007, cantidad=3
2026-08-27T20:00:01.685Z [INFO] [StockService] Movimiento RESERVA registrado para pedido ORD-1031 (producto=SKU-007, qty=-3)
2026-08-27T22:00:00.733Z [INFO] [OrderService] Pedido ORD-1031 confirmado
2026-08-27T23:06:16.321Z [WARN] [RateLimiter] IP 190.12.4.55 cerca del limite de requests
2026-08-28T02:00:00.244Z [INFO] [OrderService] Pedido ORD-1032 creado para producto SKU-007, cantidad=1
2026-08-28T02:00:01.271Z [INFO] [StockService] Movimiento RESERVA registrado para pedido ORD-1032 (producto=SKU-007, qty=-1)
2026-08-28T02:06:27.405Z [INFO] [EmailService] Email de confirmacion enviado a cliente
2026-08-28T02:14:47.134Z [INFO] [AuthService] Token refrescado para sesion admin-panel
2026-08-28T02:41:37.687Z [INFO] [ReportingService] Reporte diario de ventas generado
2026-08-28T04:00:00.660Z [INFO] [OrderService] Pedido ORD-1032 confirmado
2026-08-28T08:00:00.296Z [DEBUG] [RequestLogger] POST /api/orders recibido (idempotency-key=ck-7f3a91d2)
2026-08-28T08:00:00.307Z [INFO] [OrderService] Pedido ORD-1033 creado para producto SKU-008, cantidad=2
2026-08-28T08:00:01.468Z [INFO] [StockService] Movimiento RESERVA registrado para pedido ORD-1033 (producto=SKU-008, qty=-2)
2026-08-28T08:00:02.318Z [WARN] [RequestLogger] POST /api/orders: el cliente cerro la conexion antes de recibir la respuesta (2022ms, idempotency-key=ck-7f3a91d2)
2026-08-28T08:00:03.940Z [DEBUG] [RequestLogger] POST /api/orders recibido (idempotency-key=ck-7f3a91d2)
2026-08-28T08:00:03.951Z [INFO] [OrderService] Pedido ORD-1033 ya existente para idempotency-key=ck-7f3a91d2, se devuelve el existente
2026-08-28T08:00:04.769Z [INFO] [StockService] Movimiento RESERVA registrado para pedido ORD-1033 (producto=SKU-008, qty=-2)
2026-08-28T08:00:04.802Z [DEBUG] [RequestLogger] POST /api/orders 201 (862ms)
2026-08-28T10:00:00.958Z [INFO] [OrderService] Pedido ORD-1033 confirmado
2026-08-28T11:38:34.074Z [INFO] [MetricsExporter] Metricas publicadas en /metrics (Grafana)
2026-08-28T13:06:10.009Z [DEBUG] [DBPool] Conexion devuelta al pool (activo: 4/20)
2026-08-28T14:00:00.469Z [INFO] [OrderService] Pedido ORD-1034 creado para producto SKU-008, cantidad=1
2026-08-28T14:00:01.636Z [INFO] [StockService] Movimiento RESERVA registrado para pedido ORD-1034 (producto=SKU-008, qty=-1)
2026-08-28T14:08:48.576Z [DEBUG] [DBPool] Conexion devuelta al pool (activo: 4/20)
2026-08-28T14:12:16.102Z [DEBUG] [RequestLogger] GET /api/products 200 (42ms)
2026-08-28T14:33:45.075Z [INFO] [EmailService] Email de confirmacion enviado a cliente
2026-08-28T15:24:30.550Z [INFO] [ReportingService] Reporte diario de ventas generado
2026-08-28T17:00:00.218Z [INFO] [OrderService] Cancelacion solicitada por el usuario para pedido ORD-1034
2026-08-28T17:00:01.518Z [INFO] [InventoryService] Stock restituido para SKU-008 (+1)
2026-08-28T17:00:02.271Z [INFO] [StockMovementLogger] Movimiento LIBERACION registrado para pedido ORD-1034 (producto=SKU-008, qty=+1)
2026-08-28T20:00:00.135Z [INFO] [OrderService] Pedido ORD-1035 creado para producto SKU-008, cantidad=3
2026-08-28T20:00:01.955Z [INFO] [StockService] Movimiento RESERVA registrado para pedido ORD-1035 (producto=SKU-008, qty=-3)
2026-08-28T20:25:11.357Z [INFO] [MetricsExporter] Metricas publicadas en /metrics (Grafana)
2026-08-28T22:00:00.902Z [INFO] [OrderService] Pedido ORD-1035 confirmado
2026-08-28T23:39:41.070Z [INFO] [CronJobs] Job 'cleanup-sessions' ejecutado correctamente
2026-08-29T00:33:20.900Z [INFO] [MetricsExporter] Metricas publicadas en /metrics (Grafana)
